Archive member included to satisfy reference by file (symbol)

../lib/libtest.a(can.o)       projet.o (_ZN3canC1Ev)
../lib/libtest.a(rs232.o)     projet.o (_Z18initialisationUartv)
../lib/libtest.a(bouton.o)    projet.o (_ZN6BoutonC1EPVhi)
../lib/libtest.a(moteur.o)    projet.o (_ZN6MoteurC1Ev)
../lib/libtest.a(led.o)       projet.o (_ZN3LedC1EPVhii)
/usr/lib/gcc/avr/10.2.0/avr5/libgcc.a(_divmodhi4.o)
                              projet.o (__divmodhi4)
/usr/lib/gcc/avr/10.2.0/avr5/libgcc.a(_exit.o)
                              /usr/lib/gcc/avr/10.2.0/../../../../avr/lib/avr5/crtatmega324pa.o (exit)
/usr/lib/gcc/avr/10.2.0/avr5/libgcc.a(_copy_data.o)
                              projet.o (__do_copy_data)
/usr/lib/gcc/avr/10.2.0/avr5/libgcc.a(_clear_bss.o)
                              projet.o (__do_clear_bss)
/usr/lib/gcc/avr/10.2.0/avr5/libgcc.a(_udivmodhi4.o)
                              /usr/lib/gcc/avr/10.2.0/avr5/libgcc.a(_divmodhi4.o) (__udivmodhi4)
/usr/lib/gcc/avr/10.2.0/../../../../avr/lib/avr5/libc.a(sprintf.o)
                              projet.o (sprintf)
/usr/lib/gcc/avr/10.2.0/../../../../avr/lib/avr5/libc.a(vfprintf_std.o)
                              /usr/lib/gcc/avr/10.2.0/../../../../avr/lib/avr5/libc.a(sprintf.o) (vfprintf)
/usr/lib/gcc/avr/10.2.0/../../../../avr/lib/avr5/libc.a(strnlen_P.o)
                              /usr/lib/gcc/avr/10.2.0/../../../../avr/lib/avr5/libc.a(vfprintf_std.o) (strnlen_P)
/usr/lib/gcc/avr/10.2.0/../../../../avr/lib/avr5/libc.a(strnlen.o)
                              /usr/lib/gcc/avr/10.2.0/../../../../avr/lib/avr5/libc.a(vfprintf_std.o) (strnlen)
/usr/lib/gcc/avr/10.2.0/../../../../avr/lib/avr5/libc.a(fputc.o)
                              /usr/lib/gcc/avr/10.2.0/../../../../avr/lib/avr5/libc.a(vfprintf_std.o) (fputc)
/usr/lib/gcc/avr/10.2.0/../../../../avr/lib/avr5/libc.a(ultoa_invert.o)
                              /usr/lib/gcc/avr/10.2.0/../../../../avr/lib/avr5/libc.a(vfprintf_std.o) (__ultoa_invert)
/usr/lib/gcc/avr/10.2.0/avr5/libgcc.a(_prologue.o)
                              /usr/lib/gcc/avr/10.2.0/../../../../avr/lib/avr5/libc.a(sprintf.o) (__prologue_saves__)
/usr/lib/gcc/avr/10.2.0/avr5/libgcc.a(_epilogue.o)
                              /usr/lib/gcc/avr/10.2.0/../../../../avr/lib/avr5/libc.a(sprintf.o) (__epilogue_restores__)

Memory Configuration

Name             Origin             Length             Attributes
text             0x0000000000000000 0x0000000000020000 xr
data             0x0000000000800060 0x000000000000ffa0 rw !x
eeprom           0x0000000000810000 0x0000000000010000 rw !x
fuse             0x0000000000820000 0x0000000000000003 rw !x
lock             0x0000000000830000 0x0000000000000400 rw !x
signature        0x0000000000840000 0x0000000000000400 rw !x
user_signatures  0x0000000000850000 0x0000000000000400 rw !x
*default*        0x0000000000000000 0xffffffffffffffff

Linker script and memory map

Address of section .data set to 0x800100
LOAD /usr/lib/gcc/avr/10.2.0/../../../../avr/lib/avr5/crtatmega324pa.o
LOAD projet.o
LOAD /usr/lib/gcc/avr/10.2.0/../../../../avr/lib/avr5/libm.a
LOAD ../lib/libtest.a
START GROUP
LOAD /usr/lib/gcc/avr/10.2.0/avr5/libgcc.a
LOAD /usr/lib/gcc/avr/10.2.0/../../../../avr/lib/avr5/libm.a
LOAD /usr/lib/gcc/avr/10.2.0/../../../../avr/lib/avr5/libc.a
LOAD /usr/lib/gcc/avr/10.2.0/../../../../avr/lib/avr5/libatmega324pa.a
END GROUP
                0x0000000000020000                __TEXT_REGION_LENGTH__ = DEFINED (__TEXT_REGION_LENGTH__)?__TEXT_REGION_LENGTH__:0x20000
                0x000000000000ffa0                __DATA_REGION_LENGTH__ = DEFINED (__DATA_REGION_LENGTH__)?__DATA_REGION_LENGTH__:0xffa0
                0x0000000000010000                __EEPROM_REGION_LENGTH__ = DEFINED (__EEPROM_REGION_LENGTH__)?__EEPROM_REGION_LENGTH__:0x10000
                [0x0000000000000003]                __FUSE_REGION_LENGTH__ = DEFINED (__FUSE_REGION_LENGTH__)?__FUSE_REGION_LENGTH__:0x400
                0x0000000000000400                __LOCK_REGION_LENGTH__ = DEFINED (__LOCK_REGION_LENGTH__)?__LOCK_REGION_LENGTH__:0x400
                0x0000000000000400                __SIGNATURE_REGION_LENGTH__ = DEFINED (__SIGNATURE_REGION_LENGTH__)?__SIGNATURE_REGION_LENGTH__:0x400
                0x0000000000000400                __USER_SIGNATURE_REGION_LENGTH__ = DEFINED (__USER_SIGNATURE_REGION_LENGTH__)?__USER_SIGNATURE_REGION_LENGTH__:0x400

.hash
 *(.hash)

.dynsym
 *(.dynsym)

.dynstr
 *(.dynstr)

.gnu.version
 *(.gnu.version)

.gnu.version_d
 *(.gnu.version_d)

.gnu.version_r
 *(.gnu.version_r)

.rel.init
 *(.rel.init)

.rela.init
 *(.rela.init)

.rel.text
 *(.rel.text)
 *(.rel.text.*)
 *(.rel.gnu.linkonce.t*)

.rela.text
 *(.rela.text)
 *(.rela.text.*)
 *(.rela.gnu.linkonce.t*)

.rel.fini
 *(.rel.fini)

.rela.fini
 *(.rela.fini)

.rel.rodata
 *(.rel.rodata)
 *(.rel.rodata.*)
 *(.rel.gnu.linkonce.r*)

.rela.rodata
 *(.rela.rodata)
 *(.rela.rodata.*)
 *(.rela.gnu.linkonce.r*)

.rel.data
 *(.rel.data)
 *(.rel.data.*)
 *(.rel.gnu.linkonce.d*)

.rela.data
 *(.rela.data)
 *(.rela.data.*)
 *(.rela.gnu.linkonce.d*)

.rel.ctors
 *(.rel.ctors)

.rela.ctors
 *(.rela.ctors)

.rel.dtors
 *(.rel.dtors)

.rela.dtors
 *(.rela.dtors)

.rel.got
 *(.rel.got)

.rela.got
 *(.rela.got)

.rel.bss
 *(.rel.bss)

.rela.bss
 *(.rela.bss)

.rel.plt
 *(.rel.plt)

.rela.plt
 *(.rela.plt)

.text           0x0000000000000000     0x103a
 *(.vectors)
 .vectors       0x0000000000000000       0x7c /usr/lib/gcc/avr/10.2.0/../../../../avr/lib/avr5/crtatmega324pa.o
                0x0000000000000000                __vectors
                0x0000000000000000                __vector_default
 *(.vectors)
 *(.progmem.gcc*)
                0x000000000000007c                . = ALIGN (0x2)
                0x000000000000007c                __trampolines_start = .
 *(.trampolines)
 .trampolines   0x000000000000007c        0x0 linker stubs
 *(.trampolines*)
                0x000000000000007c                __trampolines_end = .
 *libprintf_flt.a:*(.progmem.data)
 *libc.a:*(.progmem.data)
 *(.progmem.*)
                0x000000000000007c                . = ALIGN (0x2)
 *(.lowtext)
 *(.lowtext*)
                0x000000000000007c                __ctors_start = .
 *(.ctors)
                0x000000000000007c                __ctors_end = .
                0x000000000000007c                __dtors_start = .
 *(.dtors)
                0x000000000000007c                __dtors_end = .
 SORT_BY_NAME(*)(.ctors)
 SORT_BY_NAME(*)(.dtors)
 *(.init0)
 .init0         0x000000000000007c        0x0 /usr/lib/gcc/avr/10.2.0/../../../../avr/lib/avr5/crtatmega324pa.o
                0x000000000000007c                __init
 *(.init0)
 *(.init1)
 *(.init1)
 *(.init2)
 .init2         0x000000000000007c        0xc /usr/lib/gcc/avr/10.2.0/../../../../avr/lib/avr5/crtatmega324pa.o
 *(.init2)
 *(.init3)
 *(.init3)
 *(.init4)
 .init4         0x0000000000000088       0x16 /usr/lib/gcc/avr/10.2.0/avr5/libgcc.a(_copy_data.o)
                0x0000000000000088                __do_copy_data
 .init4         0x000000000000009e       0x10 /usr/lib/gcc/avr/10.2.0/avr5/libgcc.a(_clear_bss.o)
                0x000000000000009e                __do_clear_bss
 *(.init4)
 *(.init5)
 *(.init5)
 *(.init6)
 *(.init6)
 *(.init7)
 *(.init7)
 *(.init8)
 *(.init8)
 *(.init9)
 .init9         0x00000000000000ae        0x8 /usr/lib/gcc/avr/10.2.0/../../../../avr/lib/avr5/crtatmega324pa.o
 *(.init9)
 *(.text)
 .text          0x00000000000000b6        0x4 /usr/lib/gcc/avr/10.2.0/../../../../avr/lib/avr5/crtatmega324pa.o
                0x00000000000000b6                __vector_22
                0x00000000000000b6                __vector_28
                0x00000000000000b6                __vector_1
                0x00000000000000b6                __vector_24
                0x00000000000000b6                __vector_12
                0x00000000000000b6                __bad_interrupt
                0x00000000000000b6                __vector_6
                0x00000000000000b6                __vector_3
                0x00000000000000b6                __vector_23
                0x00000000000000b6                __vector_30
                0x00000000000000b6                __vector_25
                0x00000000000000b6                __vector_11
                0x00000000000000b6                __vector_13
                0x00000000000000b6                __vector_17
                0x00000000000000b6                __vector_19
                0x00000000000000b6                __vector_7
                0x00000000000000b6                __vector_27
                0x00000000000000b6                __vector_5
                0x00000000000000b6                __vector_4
                0x00000000000000b6                __vector_9
                0x00000000000000b6                __vector_2
                0x00000000000000b6                __vector_21
                0x00000000000000b6                __vector_15
                0x00000000000000b6                __vector_29
                0x00000000000000b6                __vector_8
                0x00000000000000b6                __vector_26
                0x00000000000000b6                __vector_14
                0x00000000000000b6                __vector_10
                0x00000000000000b6                __vector_16
                0x00000000000000b6                __vector_18
                0x00000000000000b6                __vector_20
 .text          0x00000000000000ba      0x35c projet.o
                0x00000000000000ba                _Z11estPresseD2v
                0x00000000000000d6                _Z10lectureCanh
                0x0000000000000118                _Z9suivreMurv
                0x000000000000020c                _Z13suivreLumiereii
                0x00000000000002fe                _Z13faireDemiTourv
                0x0000000000000342                _Z22allumerLed5hz3secondesc
 .text          0x0000000000000416       0x58 ../lib/libtest.a(can.o)
                0x0000000000000416                _ZN3canC2Ev
                0x0000000000000416                _ZN3canC1Ev
                0x0000000000000422                _ZN3canD1Ev
                0x0000000000000422                _ZN3canD2Ev
                0x0000000000000428                _ZN3can7lectureEh
 .text          0x000000000000046e       0x6e ../lib/libtest.a(rs232.o)
                0x000000000000046e                _Z18initialisationUartv
                0x000000000000048a                _Z16transmissionUarth
                0x00000000000004a6                _Z22transmissionUartStringPch
                0x00000000000004ce                _Z13receptionUartv
 .text          0x00000000000004dc      0x130 ../lib/libtest.a(bouton.o)
                0x00000000000004dc                _ZN6BoutonC2EPVhi
                0x00000000000004dc                _ZN6BoutonC1EPVhi
                0x000000000000055a                _ZN6Bouton21estBoutonPresseRappelEv
                0x000000000000059a                _ZN6Bouton14actualiserEtatEv
                0x0000000000000602                _ZN6Bouton21estBoutonPresseTirageEv
 .text          0x000000000000060c       0xca ../lib/libtest.a(moteur.o)
                0x000000000000060c                _ZN6Moteur23initialisationTimer0PwmEv
                0x0000000000000622                _ZN6MoteurC1Ev
                0x0000000000000622                _ZN6MoteurC2Ev
                0x0000000000000626                _ZN6MoteurD2Ev
                0x0000000000000626                _ZN6MoteurD1Ev
                0x0000000000000636                _ZN6Moteur19tournerGaucheMoteurEi
                0x0000000000000652                _ZN6Moteur19tournerDroiteMoteurEi
                0x000000000000066e                _ZN6Moteur13arreterMoteurEv
                0x0000000000000674                _ZN6Moteur19reglerVitesseMoteurEii
                0x00000000000006aa                _ZN6Moteur13avancerMoteurEii
                0x00000000000006b8                _ZN6Moteur13reculerMoteurEii
                0x00000000000006c6                _ZN6Moteur21tournerSurPlaceGaucheEii
                0x00000000000006ce                _ZN6Moteur21tournerSurPlaceDroiteEii
 .text          0x00000000000006d6      0x1c6 ../lib/libtest.a(led.o)
                0x00000000000006d6                _ZN3LedC1EPVhii
                0x00000000000006d6                _ZN3LedC2EPVhii
                0x0000000000000784                _ZN3Led15allumerRougeLedEv
                0x00000000000007cc                _ZN3Led14allumerVertLedEv
                0x0000000000000814                _ZN3Led15allumerAmbreLedEi
                0x000000000000086c                _ZN3Led11eteindreLedEv
 .text          0x000000000000089c        0x0 /usr/lib/gcc/avr/10.2.0/avr5/libgcc.a(_divmodhi4.o)
 .text          0x000000000000089c        0x0 /usr/lib/gcc/avr/10.2.0/avr5/libgcc.a(_exit.o)
 .text          0x000000000000089c        0x0 /usr/lib/gcc/avr/10.2.0/avr5/libgcc.a(_copy_data.o)
 .text          0x000000000000089c        0x0 /usr/lib/gcc/avr/10.2.0/avr5/libgcc.a(_clear_bss.o)
 .text          0x000000000000089c        0x0 /usr/lib/gcc/avr/10.2.0/avr5/libgcc.a(_udivmodhi4.o)
 .text          0x000000000000089c        0x0 /usr/lib/gcc/avr/10.2.0/../../../../avr/lib/avr5/libc.a(sprintf.o)
 .text          0x000000000000089c        0x0 /usr/lib/gcc/avr/10.2.0/../../../../avr/lib/avr5/libc.a(vfprintf_std.o)
 .text          0x000000000000089c        0x0 /usr/lib/gcc/avr/10.2.0/../../../../avr/lib/avr5/libc.a(strnlen_P.o)
 .text          0x000000000000089c        0x0 /usr/lib/gcc/avr/10.2.0/../../../../avr/lib/avr5/libc.a(strnlen.o)
 .text          0x000000000000089c        0x0 /usr/lib/gcc/avr/10.2.0/../../../../avr/lib/avr5/libc.a(fputc.o)
 .text          0x000000000000089c        0x0 /usr/lib/gcc/avr/10.2.0/../../../../avr/lib/avr5/libc.a(ultoa_invert.o)
 .text          0x000000000000089c        0x0 /usr/lib/gcc/avr/10.2.0/avr5/libgcc.a(_prologue.o)
 .text          0x000000000000089c        0x0 /usr/lib/gcc/avr/10.2.0/avr5/libgcc.a(_epilogue.o)
                0x000000000000089c                . = ALIGN (0x2)
 *(.text.*)
 .text.startup  0x000000000000089c      0x19e projet.o
                0x000000000000089c                main
 .text.libgcc.mul
                0x0000000000000a3a        0x0 /usr/lib/gcc/avr/10.2.0/avr5/libgcc.a(_divmodhi4.o)
 .text.libgcc.div
                0x0000000000000a3a       0x28 /usr/lib/gcc/avr/10.2.0/avr5/libgcc.a(_divmodhi4.o)
                0x0000000000000a3a                __divmodhi4
                0x0000000000000a3a                _div
 .text.libgcc   0x0000000000000a62        0x0 /usr/lib/gcc/avr/10.2.0/avr5/libgcc.a(_divmodhi4.o)
 .text.libgcc.prologue
                0x0000000000000a62        0x0 /usr/lib/gcc/avr/10.2.0/avr5/libgcc.a(_divmodhi4.o)
 .text.libgcc.builtins
                0x0000000000000a62        0x0 /usr/lib/gcc/avr/10.2.0/avr5/libgcc.a(_divmodhi4.o)
 .text.libgcc.fmul
                0x0000000000000a62        0x0 /usr/lib/gcc/avr/10.2.0/avr5/libgcc.a(_divmodhi4.o)
 .text.libgcc.fixed
                0x0000000000000a62        0x0 /usr/lib/gcc/avr/10.2.0/avr5/libgcc.a(_divmodhi4.o)
 .text.libgcc.mul
                0x0000000000000a62        0x0 /usr/lib/gcc/avr/10.2.0/avr5/libgcc.a(_exit.o)
 .text.libgcc.div
                0x0000000000000a62        0x0 /usr/lib/gcc/avr/10.2.0/avr5/libgcc.a(_exit.o)
 .text.libgcc   0x0000000000000a62        0x0 /usr/lib/gcc/avr/10.2.0/avr5/libgcc.a(_exit.o)
 .text.libgcc.prologue
                0x0000000000000a62        0x0 /usr/lib/gcc/avr/10.2.0/avr5/libgcc.a(_exit.o)
 .text.libgcc.builtins
                0x0000000000000a62        0x0 /usr/lib/gcc/avr/10.2.0/avr5/libgcc.a(_exit.o)
 .text.libgcc.fmul
                0x0000000000000a62        0x0 /usr/lib/gcc/avr/10.2.0/avr5/libgcc.a(_exit.o)
 .text.libgcc.fixed
                0x0000000000000a62        0x0 /usr/lib/gcc/avr/10.2.0/avr5/libgcc.a(_exit.o)
 .text.libgcc.mul
                0x0000000000000a62        0x0 /usr/lib/gcc/avr/10.2.0/avr5/libgcc.a(_copy_data.o)
 .text.libgcc.div
                0x0000000000000a62        0x0 /usr/lib/gcc/avr/10.2.0/avr5/libgcc.a(_copy_data.o)
 .text.libgcc   0x0000000000000a62        0x0 /usr/lib/gcc/avr/10.2.0/avr5/libgcc.a(_copy_data.o)
 .text.libgcc.prologue
                0x0000000000000a62        0x0 /usr/lib/gcc/avr/10.2.0/avr5/libgcc.a(_copy_data.o)
 .text.libgcc.builtins
                0x0000000000000a62        0x0 /usr/lib/gcc/avr/10.2.0/avr5/libgcc.a(_copy_data.o)
 .text.libgcc.fmul
                0x0000000000000a62        0x0 /usr/lib/gcc/avr/10.2.0/avr5/libgcc.a(_copy_data.o)
 .text.libgcc.fixed
                0x0000000000000a62        0x0 /usr/lib/gcc/avr/10.2.0/avr5/libgcc.a(_copy_data.o)
 .text.libgcc.mul
                0x0000000000000a62        0x0 /usr/lib/gcc/avr/10.2.0/avr5/libgcc.a(_clear_bss.o)
 .text.libgcc.div
                0x0000000000000a62        0x0 /usr/lib/gcc/avr/10.2.0/avr5/libgcc.a(_clear_bss.o)
 .text.libgcc   0x0000000000000a62        0x0 /usr/lib/gcc/avr/10.2.0/avr5/libgcc.a(_clear_bss.o)
 .text.libgcc.prologue
                0x0000000000000a62        0x0 /usr/lib/gcc/avr/10.2.0/avr5/libgcc.a(_clear_bss.o)
 .text.libgcc.builtins
                0x0000000000000a62        0x0 /usr/lib/gcc/avr/10.2.0/avr5/libgcc.a(_clear_bss.o)
 .text.libgcc.fmul
                0x0000000000000a62        0x0 /usr/lib/gcc/avr/10.2.0/avr5/libgcc.a(_clear_bss.o)
 .text.libgcc.fixed
                0x0000000000000a62        0x0 /usr/lib/gcc/avr/10.2.0/avr5/libgcc.a(_clear_bss.o)
 .text.libgcc.mul
                0x0000000000000a62        0x0 /usr/lib/gcc/avr/10.2.0/avr5/libgcc.a(_udivmodhi4.o)
 .text.libgcc.div
                0x0000000000000a62       0x28 /usr/lib/gcc/avr/10.2.0/avr5/libgcc.a(_udivmodhi4.o)
                0x0000000000000a62                __udivmodhi4
 .text.libgcc   0x0000000000000a8a        0x0 /usr/lib/gcc/avr/10.2.0/avr5/libgcc.a(_udivmodhi4.o)
 .text.libgcc.prologue
                0x0000000000000a8a        0x0 /usr/lib/gcc/avr/10.2.0/avr5/libgcc.a(_udivmodhi4.o)
 .text.libgcc.builtins
                0x0000000000000a8a        0x0 /usr/lib/gcc/avr/10.2.0/avr5/libgcc.a(_udivmodhi4.o)
 .text.libgcc.fmul
                0x0000000000000a8a        0x0 /usr/lib/gcc/avr/10.2.0/avr5/libgcc.a(_udivmodhi4.o)
 .text.libgcc.fixed
                0x0000000000000a8a        0x0 /usr/lib/gcc/avr/10.2.0/avr5/libgcc.a(_udivmodhi4.o)
 .text.avr-libc
                0x0000000000000a8a       0x46 /usr/lib/gcc/avr/10.2.0/../../../../avr/lib/avr5/libc.a(sprintf.o)
                0x0000000000000a8a                sprintf
 .text.avr-libc
                0x0000000000000ad0      0x3b0 /usr/lib/gcc/avr/10.2.0/../../../../avr/lib/avr5/libc.a(vfprintf_std.o)
                0x0000000000000ad0                vfprintf
 .text.avr-libc
                0x0000000000000e80       0x16 /usr/lib/gcc/avr/10.2.0/../../../../avr/lib/avr5/libc.a(strnlen_P.o)
                0x0000000000000e80                strnlen_P
 .text.avr-libc
                0x0000000000000e96       0x16 /usr/lib/gcc/avr/10.2.0/../../../../avr/lib/avr5/libc.a(strnlen.o)
                0x0000000000000e96                strnlen
 .text.avr-libc
                0x0000000000000eac       0x60 /usr/lib/gcc/avr/10.2.0/../../../../avr/lib/avr5/libc.a(fputc.o)
                0x0000000000000eac                fputc
 .text.avr-libc
                0x0000000000000f0c       0xbc /usr/lib/gcc/avr/10.2.0/../../../../avr/lib/avr5/libc.a(ultoa_invert.o)
                0x0000000000000f0c                __ultoa_invert
 .text.libgcc.mul
                0x0000000000000fc8        0x0 /usr/lib/gcc/avr/10.2.0/avr5/libgcc.a(_prologue.o)
 .text.libgcc.div
                0x0000000000000fc8        0x0 /usr/lib/gcc/avr/10.2.0/avr5/libgcc.a(_prologue.o)
 .text.libgcc   0x0000000000000fc8        0x0 /usr/lib/gcc/avr/10.2.0/avr5/libgcc.a(_prologue.o)
 .text.libgcc.prologue
                0x0000000000000fc8       0x38 /usr/lib/gcc/avr/10.2.0/avr5/libgcc.a(_prologue.o)
                0x0000000000000fc8                __prologue_saves__
 .text.libgcc.builtins
                0x0000000000001000        0x0 /usr/lib/gcc/avr/10.2.0/avr5/libgcc.a(_prologue.o)
 .text.libgcc.fmul
                0x0000000000001000        0x0 /usr/lib/gcc/avr/10.2.0/avr5/libgcc.a(_prologue.o)
 .text.libgcc.fixed
                0x0000000000001000        0x0 /usr/lib/gcc/avr/10.2.0/avr5/libgcc.a(_prologue.o)
 .text.libgcc.mul
                0x0000000000001000        0x0 /usr/lib/gcc/avr/10.2.0/avr5/libgcc.a(_epilogue.o)
 .text.libgcc.div
                0x0000000000001000        0x0 /usr/lib/gcc/avr/10.2.0/avr5/libgcc.a(_epilogue.o)
 .text.libgcc   0x0000000000001000        0x0 /usr/lib/gcc/avr/10.2.0/avr5/libgcc.a(_epilogue.o)
 .text.libgcc.prologue
                0x0000000000001000       0x36 /usr/lib/gcc/avr/10.2.0/avr5/libgcc.a(_epilogue.o)
                0x0000000000001000                __epilogue_restores__
 .text.libgcc.builtins
                0x0000000000001036        0x0 /usr/lib/gcc/avr/10.2.0/avr5/libgcc.a(_epilogue.o)
 .text.libgcc.fmul
                0x0000000000001036        0x0 /usr/lib/gcc/avr/10.2.0/avr5/libgcc.a(_epilogue.o)
 .text.libgcc.fixed
                0x0000000000001036        0x0 /usr/lib/gcc/avr/10.2.0/avr5/libgcc.a(_epilogue.o)
                0x0000000000001036                . = ALIGN (0x2)
 *(.fini9)
 .fini9         0x0000000000001036        0x0 /usr/lib/gcc/avr/10.2.0/avr5/libgcc.a(_exit.o)
                0x0000000000001036                exit
                0x0000000000001036                _exit
 *(.fini9)
 *(.fini8)
 *(.fini8)
 *(.fini7)
 *(.fini7)
 *(.fini6)
 *(.fini6)
 *(.fini5)
 *(.fini5)
 *(.fini4)
 *(.fini4)
 *(.fini3)
 *(.fini3)
 *(.fini2)
 *(.fini2)
 *(.fini1)
 *(.fini1)
 *(.fini0)
 .fini0         0x0000000000001036        0x4 /usr/lib/gcc/avr/10.2.0/avr5/libgcc.a(_exit.o)
 *(.fini0)
 *(.hightext)
 *(.hightext*)
 *(.progmemx.*)
                0x000000000000103a                . = ALIGN (0x2)
 *(.jumptables)
 *(.jumptables*)
                0x000000000000103a                _etext = .

.data           0x0000000000800100       0x22 load address 0x000000000000103a
                0x0000000000800100                PROVIDE (__data_start = .)
 *(.data)
 .data          0x0000000000800100        0x0 /usr/lib/gcc/avr/10.2.0/../../../../avr/lib/avr5/crtatmega324pa.o
 .data          0x0000000000800100        0x0 projet.o
 .data          0x0000000000800100        0x0 ../lib/libtest.a(can.o)
 .data          0x0000000000800100        0x0 ../lib/libtest.a(rs232.o)
 .data          0x0000000000800100        0x0 ../lib/libtest.a(bouton.o)
 .data          0x0000000000800100        0x0 ../lib/libtest.a(moteur.o)
 .data          0x0000000000800100        0x0 ../lib/libtest.a(led.o)
 .data          0x0000000000800100        0x0 /usr/lib/gcc/avr/10.2.0/avr5/libgcc.a(_divmodhi4.o)
 .data          0x0000000000800100        0x0 /usr/lib/gcc/avr/10.2.0/avr5/libgcc.a(_exit.o)
 .data          0x0000000000800100        0x0 /usr/lib/gcc/avr/10.2.0/avr5/libgcc.a(_copy_data.o)
 .data          0x0000000000800100        0x0 /usr/lib/gcc/avr/10.2.0/avr5/libgcc.a(_clear_bss.o)
 .data          0x0000000000800100        0x0 /usr/lib/gcc/avr/10.2.0/avr5/libgcc.a(_udivmodhi4.o)
 .data          0x0000000000800100        0x0 /usr/lib/gcc/avr/10.2.0/../../../../avr/lib/avr5/libc.a(sprintf.o)
 .data          0x0000000000800100        0x0 /usr/lib/gcc/avr/10.2.0/../../../../avr/lib/avr5/libc.a(vfprintf_std.o)
 .data          0x0000000000800100        0x0 /usr/lib/gcc/avr/10.2.0/../../../../avr/lib/avr5/libc.a(strnlen_P.o)
 .data          0x0000000000800100        0x0 /usr/lib/gcc/avr/10.2.0/../../../../avr/lib/avr5/libc.a(strnlen.o)
 .data          0x0000000000800100        0x0 /usr/lib/gcc/avr/10.2.0/../../../../avr/lib/avr5/libc.a(fputc.o)
 .data          0x0000000000800100        0x0 /usr/lib/gcc/avr/10.2.0/../../../../avr/lib/avr5/libc.a(ultoa_invert.o)
 .data          0x0000000000800100        0x0 /usr/lib/gcc/avr/10.2.0/avr5/libgcc.a(_prologue.o)
 .data          0x0000000000800100        0x0 /usr/lib/gcc/avr/10.2.0/avr5/libgcc.a(_epilogue.o)
 *(.data*)
 *(.gnu.linkonce.d*)
 *(.rodata)
 *(.rodata*)
 .rodata.str1.1
                0x0000000000800100       0x21 projet.o
 *(.gnu.linkonce.r*)
                0x0000000000800122                . = ALIGN (0x2)
 *fill*         0x0000000000800121        0x1 
                0x0000000000800122                _edata = .
                0x0000000000800122                PROVIDE (__data_end = .)

.bss            0x0000000000800122        0x2
                0x0000000000800122                PROVIDE (__bss_start = .)
 *(.bss)
 .bss           0x0000000000800122        0x0 /usr/lib/gcc/avr/10.2.0/../../../../avr/lib/avr5/crtatmega324pa.o
 .bss           0x0000000000800122        0x2 projet.o
                0x0000000000800122                etatPresent
 .bss           0x0000000000800124        0x0 ../lib/libtest.a(can.o)
 .bss           0x0000000000800124        0x0 ../lib/libtest.a(rs232.o)
 .bss           0x0000000000800124        0x0 ../lib/libtest.a(bouton.o)
 .bss           0x0000000000800124        0x0 ../lib/libtest.a(moteur.o)
 .bss           0x0000000000800124        0x0 ../lib/libtest.a(led.o)
 .bss           0x0000000000800124        0x0 /usr/lib/gcc/avr/10.2.0/avr5/libgcc.a(_divmodhi4.o)
 .bss           0x0000000000800124        0x0 /usr/lib/gcc/avr/10.2.0/avr5/libgcc.a(_exit.o)
 .bss           0x0000000000800124        0x0 /usr/lib/gcc/avr/10.2.0/avr5/libgcc.a(_copy_data.o)
 .bss           0x0000000000800124        0x0 /usr/lib/gcc/avr/10.2.0/avr5/libgcc.a(_clear_bss.o)
 .bss           0x0000000000800124        0x0 /usr/lib/gcc/avr/10.2.0/avr5/libgcc.a(_udivmodhi4.o)
 .bss           0x0000000000800124        0x0 /usr/lib/gcc/avr/10.2.0/../../../../avr/lib/avr5/libc.a(sprintf.o)
 .bss           0x0000000000800124        0x0 /usr/lib/gcc/avr/10.2.0/../../../../avr/lib/avr5/libc.a(vfprintf_std.o)
 .bss           0x0000000000800124        0x0 /usr/lib/gcc/avr/10.2.0/../../../../avr/lib/avr5/libc.a(strnlen_P.o)
 .bss           0x0000000000800124        0x0 /usr/lib/gcc/avr/10.2.0/../../../../avr/lib/avr5/libc.a(strnlen.o)
 .bss           0x0000000000800124        0x0 /usr/lib/gcc/avr/10.2.0/../../../../avr/lib/avr5/libc.a(fputc.o)
 .bss           0x0000000000800124        0x0 /usr/lib/gcc/avr/10.2.0/../../../../avr/lib/avr5/libc.a(ultoa_invert.o)
 .bss           0x0000000000800124        0x0 /usr/lib/gcc/avr/10.2.0/avr5/libgcc.a(_prologue.o)
 .bss           0x0000000000800124        0x0 /usr/lib/gcc/avr/10.2.0/avr5/libgcc.a(_epilogue.o)
 *(.bss*)
 *(COMMON)
                0x0000000000800124                PROVIDE (__bss_end = .)
                0x000000000000103a                __data_load_start = LOADADDR (.data)
                0x000000000000105c                __data_load_end = (__data_load_start + SIZEOF (.data))

.noinit         0x0000000000800124        0x0
                [!provide]                        PROVIDE (__noinit_start = .)
 *(.noinit*)
                [!provide]                        PROVIDE (__noinit_end = .)
                0x0000000000800124                _end = .
                [!provide]                        PROVIDE (__heap_start = .)

.eeprom         0x0000000000810000        0x0
 *(.eeprom*)
                0x0000000000810000                __eeprom_end = .

.fuse
 *(.fuse)
 *(.lfuse)
 *(.hfuse)
 *(.efuse)

.lock
 *(.lock*)

.signature
 *(.signature*)

.stab           0x0000000000000000     0x252c
 *(.stab)
 .stab          0x0000000000000000      0xbd0 projet.o
 .stab          0x0000000000000bd0      0x1e0 ../lib/libtest.a(can.o)
                                        0x1ec (size before relaxing)
 .stab          0x0000000000000db0      0x21c ../lib/libtest.a(rs232.o)
                                        0x228 (size before relaxing)
 .stab          0x0000000000000fcc      0x3e4 ../lib/libtest.a(bouton.o)
                                        0x3f0 (size before relaxing)
 .stab          0x00000000000013b0      0x4d4 ../lib/libtest.a(moteur.o)
                                        0x4e0 (size before relaxing)
 .stab          0x0000000000001884      0x4d4 ../lib/libtest.a(led.o)
                                        0x4e0 (size before relaxing)
 .stab          0x0000000000001d58      0x138 /usr/lib/gcc/avr/10.2.0/avr5/libgcc.a(_divmodhi4.o)
                                        0x144 (size before relaxing)
 .stab          0x0000000000001e90       0x6c /usr/lib/gcc/avr/10.2.0/avr5/libgcc.a(_exit.o)
                                         0x78 (size before relaxing)
 .stab          0x0000000000001efc       0xd8 /usr/lib/gcc/avr/10.2.0/avr5/libgcc.a(_copy_data.o)
                                         0xe4 (size before relaxing)
 .stab          0x0000000000001fd4       0xb4 /usr/lib/gcc/avr/10.2.0/avr5/libgcc.a(_clear_bss.o)
                                         0xc0 (size before relaxing)
 .stab          0x0000000000002088      0x15c /usr/lib/gcc/avr/10.2.0/avr5/libgcc.a(_udivmodhi4.o)
                                        0x168 (size before relaxing)
 .stab          0x00000000000021e4      0x1a4 /usr/lib/gcc/avr/10.2.0/avr5/libgcc.a(_prologue.o)
                                        0x1b0 (size before relaxing)
 .stab          0x0000000000002388      0x1a4 /usr/lib/gcc/avr/10.2.0/avr5/libgcc.a(_epilogue.o)
                                        0x1b0 (size before relaxing)

.stabstr        0x0000000000000000     0x26b5
 *(.stabstr)
 .stabstr       0x0000000000000000     0x26b5 projet.o

.stab.excl
 *(.stab.excl)

.stab.exclstr
 *(.stab.exclstr)

.stab.index
 *(.stab.index)

.stab.indexstr
 *(.stab.indexstr)

.comment        0x0000000000000000       0x44
 *(.comment)
 .comment       0x0000000000000000       0x23 projet.o
                                         0x24 (size before relaxing)
 .comment       0x0000000000000023       0x24 ../lib/libtest.a(can.o)
 .comment       0x0000000000000023       0x24 ../lib/libtest.a(rs232.o)
 .comment       0x0000000000000023       0x24 ../lib/libtest.a(bouton.o)
 .comment       0x0000000000000023       0x24 ../lib/libtest.a(moteur.o)
 .comment       0x0000000000000023       0x24 ../lib/libtest.a(led.o)
 .comment       0x0000000000000023       0x21 /usr/lib/gcc/avr/10.2.0/../../../../avr/lib/avr5/libc.a(sprintf.o)
                                         0x22 (size before relaxing)
 .comment       0x0000000000000044       0x22 /usr/lib/gcc/avr/10.2.0/../../../../avr/lib/avr5/libc.a(vfprintf_std.o)
 .comment       0x0000000000000044       0x22 /usr/lib/gcc/avr/10.2.0/../../../../avr/lib/avr5/libc.a(fputc.o)

.note.gnu.avr.deviceinfo
                0x0000000000000000       0x40
 .note.gnu.avr.deviceinfo
                0x0000000000000000       0x40 /usr/lib/gcc/avr/10.2.0/../../../../avr/lib/avr5/crtatmega324pa.o

.note.gnu.build-id
 *(.note.gnu.build-id)

.debug
 *(.debug)

.line
 *(.line)

.debug_srcinfo
 *(.debug_srcinfo)

.debug_sfnames
 *(.debug_sfnames)

.debug_aranges
 *(.debug_aranges)

.debug_pubnames
 *(.debug_pubnames)

.debug_info     0x0000000000000000      0x6cc
 *(.debug_info .gnu.linkonce.wi.*)
 .debug_info    0x0000000000000000      0x6cc /usr/lib/gcc/avr/10.2.0/../../../../avr/lib/avr5/crtatmega324pa.o

.debug_abbrev   0x0000000000000000      0x66e
 *(.debug_abbrev)
 .debug_abbrev  0x0000000000000000      0x66e /usr/lib/gcc/avr/10.2.0/../../../../avr/lib/avr5/crtatmega324pa.o

.debug_line     0x0000000000000000       0x1d
 *(.debug_line .debug_line.* .debug_line_end)
 .debug_line    0x0000000000000000       0x1d /usr/lib/gcc/avr/10.2.0/../../../../avr/lib/avr5/crtatmega324pa.o

.debug_frame
 *(.debug_frame)

.debug_str      0x0000000000000000      0x255
 *(.debug_str)
 .debug_str     0x0000000000000000      0x255 /usr/lib/gcc/avr/10.2.0/../../../../avr/lib/avr5/crtatmega324pa.o

.debug_loc
 *(.debug_loc)

.debug_macinfo
 *(.debug_macinfo)

.debug_weaknames
 *(.debug_weaknames)

.debug_funcnames
 *(.debug_funcnames)

.debug_typenames
 *(.debug_typenames)

.debug_varnames
 *(.debug_varnames)

.debug_pubtypes
 *(.debug_pubtypes)

.debug_ranges
 *(.debug_ranges)

.debug_macro
 *(.debug_macro)

.debug_addr
 *(.debug_addr)
OUTPUT(test.elf elf32-avr)
LOAD linker stubs
