Archive member included to satisfy reference by file (symbol)

../lib/libtest.a(rs232.o)     interpreteurByteCode.o (_Z18initialisationUartv)
../lib/libtest.a(memoire_24.o)
                              interpreteurByteCode.o (_ZN13Memoire24CXXXD1Ev)
../lib/libtest.a(sonnerie.o)  interpreteurByteCode.o (_ZN8SonnerieC1Ev)
../lib/libtest.a(Instructionrobot.o)
                              interpreteurByteCode.o (_ZN16InstructionRobot5debutEv)
../lib/libtest.a(moteur.o)    interpreteurByteCode.o (_ZN6MoteurC1Ev)
/usr/lib/gcc/avr/10.2.0/avr5/libgcc.a(_divmodhi4.o)
                              ../lib/libtest.a(moteur.o) (__divmodhi4)
/usr/lib/gcc/avr/10.2.0/avr5/libgcc.a(_exit.o)
                              /usr/lib/gcc/avr/10.2.0/../../../../avr/lib/avr5/crtatmega324pa.o (exit)
/usr/lib/gcc/avr/10.2.0/avr5/libgcc.a(_copy_data.o)
                              ../lib/libtest.a(memoire_24.o) (__do_copy_data)
/usr/lib/gcc/avr/10.2.0/avr5/libgcc.a(_udivmodhi4.o)
                              /usr/lib/gcc/avr/10.2.0/avr5/libgcc.a(_divmodhi4.o) (__udivmodhi4)
/usr/lib/gcc/avr/10.2.0/../../../../avr/lib/avr5/libm.a(addsf3.o)
                              ../lib/libtest.a(sonnerie.o) (__subsf3)
/usr/lib/gcc/avr/10.2.0/../../../../avr/lib/avr5/libm.a(addsf3x.o)
                              /usr/lib/gcc/avr/10.2.0/../../../../avr/lib/avr5/libm.a(addsf3.o) (__addsf3x)
/usr/lib/gcc/avr/10.2.0/../../../../avr/lib/avr5/libm.a(divsf3.o)
                              ../lib/libtest.a(sonnerie.o) (__divsf3)
/usr/lib/gcc/avr/10.2.0/../../../../avr/lib/avr5/libm.a(divsf3x.o)
                              /usr/lib/gcc/avr/10.2.0/../../../../avr/lib/avr5/libm.a(divsf3.o) (__divsf3x)
/usr/lib/gcc/avr/10.2.0/../../../../avr/lib/avr5/libm.a(fixunssfsi.o)
                              ../lib/libtest.a(sonnerie.o) (__fixunssfsi)
/usr/lib/gcc/avr/10.2.0/../../../../avr/lib/avr5/libm.a(floatsisf.o)
                              ../lib/libtest.a(sonnerie.o) (__floatsisf)
/usr/lib/gcc/avr/10.2.0/../../../../avr/lib/avr5/libm.a(fp_inf.o)
                              /usr/lib/gcc/avr/10.2.0/../../../../avr/lib/avr5/libm.a(addsf3x.o) (__fp_inf)
/usr/lib/gcc/avr/10.2.0/../../../../avr/lib/avr5/libm.a(fp_nan.o)
                              /usr/lib/gcc/avr/10.2.0/../../../../avr/lib/avr5/libm.a(addsf3x.o) (__fp_nan)
/usr/lib/gcc/avr/10.2.0/../../../../avr/lib/avr5/libm.a(fp_pscA.o)
                              /usr/lib/gcc/avr/10.2.0/../../../../avr/lib/avr5/libm.a(addsf3x.o) (__fp_pscA)
/usr/lib/gcc/avr/10.2.0/../../../../avr/lib/avr5/libm.a(fp_pscB.o)
                              /usr/lib/gcc/avr/10.2.0/../../../../avr/lib/avr5/libm.a(addsf3x.o) (__fp_pscB)
/usr/lib/gcc/avr/10.2.0/../../../../avr/lib/avr5/libm.a(fp_round.o)
                              /usr/lib/gcc/avr/10.2.0/../../../../avr/lib/avr5/libm.a(addsf3.o) (__fp_round)
/usr/lib/gcc/avr/10.2.0/../../../../avr/lib/avr5/libm.a(fp_split3.o)
                              /usr/lib/gcc/avr/10.2.0/../../../../avr/lib/avr5/libm.a(addsf3x.o) (__fp_split3)
/usr/lib/gcc/avr/10.2.0/../../../../avr/lib/avr5/libm.a(fp_zero.o)
                              /usr/lib/gcc/avr/10.2.0/../../../../avr/lib/avr5/libm.a(addsf3x.o) (__fp_zero)
/usr/lib/gcc/avr/10.2.0/../../../../avr/lib/avr5/libm.a(mulsf3.o)
                              ../lib/libtest.a(sonnerie.o) (__mulsf3)
/usr/lib/gcc/avr/10.2.0/../../../../avr/lib/avr5/libm.a(mulsf3x.o)
                              /usr/lib/gcc/avr/10.2.0/../../../../avr/lib/avr5/libm.a(mulsf3.o) (__mulsf3x)
/usr/lib/gcc/avr/10.2.0/../../../../avr/lib/avr5/libm.a(pow.o)
                              ../lib/libtest.a(sonnerie.o) (pow)
/usr/lib/gcc/avr/10.2.0/../../../../avr/lib/avr5/libm.a(exp.o)
                              /usr/lib/gcc/avr/10.2.0/../../../../avr/lib/avr5/libm.a(pow.o) (exp)
/usr/lib/gcc/avr/10.2.0/../../../../avr/lib/avr5/libm.a(fp_powser.o)
                              /usr/lib/gcc/avr/10.2.0/../../../../avr/lib/avr5/libm.a(exp.o) (__fp_powser)
/usr/lib/gcc/avr/10.2.0/../../../../avr/lib/avr5/libm.a(inverse.o)
                              /usr/lib/gcc/avr/10.2.0/../../../../avr/lib/avr5/libm.a(exp.o) (inverse)
/usr/lib/gcc/avr/10.2.0/../../../../avr/lib/avr5/libm.a(ldexp.o)
                              /usr/lib/gcc/avr/10.2.0/../../../../avr/lib/avr5/libm.a(exp.o) (ldexp)
/usr/lib/gcc/avr/10.2.0/../../../../avr/lib/avr5/libm.a(log.o)
                              /usr/lib/gcc/avr/10.2.0/../../../../avr/lib/avr5/libm.a(pow.o) (log)
/usr/lib/gcc/avr/10.2.0/../../../../avr/lib/avr5/libm.a(modf.o)
                              /usr/lib/gcc/avr/10.2.0/../../../../avr/lib/avr5/libm.a(exp.o) (modf)
/usr/lib/gcc/avr/10.2.0/../../../../avr/lib/avr5/libm.a(fp_mpack.o)
                              /usr/lib/gcc/avr/10.2.0/../../../../avr/lib/avr5/libm.a(ldexp.o) (__fp_mpack)
/usr/lib/gcc/avr/10.2.0/../../../../avr/lib/avr5/libatmega324pa.a(eerd_byte.o)
                              ../lib/libtest.a(rs232.o) (eeprom_read_byte)

Memory Configuration

Name             Origin             Length             Attributes
text             0x0000000000000000 0x0000000000020000 xr
data             0x0000000000800060 0x000000000000ffa0 rw !x
eeprom           0x0000000000810000 0x0000000000010000 rw !x
fuse             0x0000000000820000 0x0000000000000003 rw !x
lock             0x0000000000830000 0x0000000000000400 rw !x
signature        0x0000000000840000 0x0000000000000400 rw !x
user_signatures  0x0000000000850000 0x0000000000000400 rw !x
*default*        0x0000000000000000 0xffffffffffffffff

Linker script and memory map

Address of section .data set to 0x800100
LOAD /usr/lib/gcc/avr/10.2.0/../../../../avr/lib/avr5/crtatmega324pa.o
LOAD interpreteurByteCode.o
LOAD /usr/lib/gcc/avr/10.2.0/../../../../avr/lib/avr5/libm.a
LOAD ../lib/libtest.a
START GROUP
LOAD /usr/lib/gcc/avr/10.2.0/avr5/libgcc.a
LOAD /usr/lib/gcc/avr/10.2.0/../../../../avr/lib/avr5/libm.a
LOAD /usr/lib/gcc/avr/10.2.0/../../../../avr/lib/avr5/libc.a
LOAD /usr/lib/gcc/avr/10.2.0/../../../../avr/lib/avr5/libatmega324pa.a
END GROUP
                0x0000000000020000                __TEXT_REGION_LENGTH__ = DEFINED (__TEXT_REGION_LENGTH__)?__TEXT_REGION_LENGTH__:0x20000
                0x000000000000ffa0                __DATA_REGION_LENGTH__ = DEFINED (__DATA_REGION_LENGTH__)?__DATA_REGION_LENGTH__:0xffa0
                0x0000000000010000                __EEPROM_REGION_LENGTH__ = DEFINED (__EEPROM_REGION_LENGTH__)?__EEPROM_REGION_LENGTH__:0x10000
                [0x0000000000000003]                __FUSE_REGION_LENGTH__ = DEFINED (__FUSE_REGION_LENGTH__)?__FUSE_REGION_LENGTH__:0x400
                0x0000000000000400                __LOCK_REGION_LENGTH__ = DEFINED (__LOCK_REGION_LENGTH__)?__LOCK_REGION_LENGTH__:0x400
                0x0000000000000400                __SIGNATURE_REGION_LENGTH__ = DEFINED (__SIGNATURE_REGION_LENGTH__)?__SIGNATURE_REGION_LENGTH__:0x400
                0x0000000000000400                __USER_SIGNATURE_REGION_LENGTH__ = DEFINED (__USER_SIGNATURE_REGION_LENGTH__)?__USER_SIGNATURE_REGION_LENGTH__:0x400

.hash
 *(.hash)

.dynsym
 *(.dynsym)

.dynstr
 *(.dynstr)

.gnu.version
 *(.gnu.version)

.gnu.version_d
 *(.gnu.version_d)

.gnu.version_r
 *(.gnu.version_r)

.rel.init
 *(.rel.init)

.rela.init
 *(.rela.init)

.rel.text
 *(.rel.text)
 *(.rel.text.*)
 *(.rel.gnu.linkonce.t*)

.rela.text
 *(.rela.text)
 *(.rela.text.*)
 *(.rela.gnu.linkonce.t*)

.rel.fini
 *(.rel.fini)

.rela.fini
 *(.rela.fini)

.rel.rodata
 *(.rel.rodata)
 *(.rel.rodata.*)
 *(.rel.gnu.linkonce.r*)

.rela.rodata
 *(.rela.rodata)
 *(.rela.rodata.*)
 *(.rela.gnu.linkonce.r*)

.rel.data
 *(.rel.data)
 *(.rel.data.*)
 *(.rel.gnu.linkonce.d*)

.rela.data
 *(.rela.data)
 *(.rela.data.*)
 *(.rela.gnu.linkonce.d*)

.rel.ctors
 *(.rel.ctors)

.rela.ctors
 *(.rela.ctors)

.rel.dtors
 *(.rel.dtors)

.rela.dtors
 *(.rela.dtors)

.rel.got
 *(.rel.got)

.rela.got
 *(.rela.got)

.rel.bss
 *(.rel.bss)

.rela.bss
 *(.rela.bss)

.rel.plt
 *(.rel.plt)

.rela.plt
 *(.rela.plt)

.text           0x0000000000000000     0x1256
 *(.vectors)
 .vectors       0x0000000000000000       0x7c /usr/lib/gcc/avr/10.2.0/../../../../avr/lib/avr5/crtatmega324pa.o
                0x0000000000000000                __vectors
                0x0000000000000000                __vector_default
 *(.vectors)
 *(.progmem.gcc*)
 .progmem.gcc_fplib
                0x000000000000007c       0x28 /usr/lib/gcc/avr/10.2.0/../../../../avr/lib/avr5/libm.a(exp.o)
 .progmem.gcc_fplib
                0x00000000000000a4       0x5a /usr/lib/gcc/avr/10.2.0/../../../../avr/lib/avr5/libm.a(log.o)
                0x00000000000000fe                . = ALIGN (0x2)
                0x00000000000000fe                __trampolines_start = .
 *(.trampolines)
 .trampolines   0x00000000000000fe        0x0 linker stubs
 *(.trampolines*)
                0x00000000000000fe                __trampolines_end = .
 *libprintf_flt.a:*(.progmem.data)
 *libc.a:*(.progmem.data)
 *(.progmem.*)
                0x00000000000000fe                . = ALIGN (0x2)
 *(.lowtext)
 *(.lowtext*)
                0x00000000000000fe                __ctors_start = .
 *(.ctors)
                0x00000000000000fe                __ctors_end = .
                0x00000000000000fe                __dtors_start = .
 *(.dtors)
                0x00000000000000fe                __dtors_end = .
 SORT_BY_NAME(*)(.ctors)
 SORT_BY_NAME(*)(.dtors)
 *(.init0)
 .init0         0x00000000000000fe        0x0 /usr/lib/gcc/avr/10.2.0/../../../../avr/lib/avr5/crtatmega324pa.o
                0x00000000000000fe                __init
 *(.init0)
 *(.init1)
 *(.init1)
 *(.init2)
 .init2         0x00000000000000fe        0xc /usr/lib/gcc/avr/10.2.0/../../../../avr/lib/avr5/crtatmega324pa.o
 *(.init2)
 *(.init3)
 *(.init3)
 *(.init4)
 .init4         0x000000000000010a       0x16 /usr/lib/gcc/avr/10.2.0/avr5/libgcc.a(_copy_data.o)
                0x000000000000010a                __do_copy_data
 *(.init4)
 *(.init5)
 *(.init5)
 *(.init6)
 *(.init6)
 *(.init7)
 *(.init7)
 *(.init8)
 *(.init8)
 *(.init9)
 .init9         0x0000000000000120        0x8 /usr/lib/gcc/avr/10.2.0/../../../../avr/lib/avr5/crtatmega324pa.o
 *(.init9)
 *(.text)
 .text          0x0000000000000128        0x4 /usr/lib/gcc/avr/10.2.0/../../../../avr/lib/avr5/crtatmega324pa.o
                0x0000000000000128                __vector_22
                0x0000000000000128                __vector_28
                0x0000000000000128                __vector_1
                0x0000000000000128                __vector_24
                0x0000000000000128                __vector_12
                0x0000000000000128                __bad_interrupt
                0x0000000000000128                __vector_6
                0x0000000000000128                __vector_3
                0x0000000000000128                __vector_23
                0x0000000000000128                __vector_30
                0x0000000000000128                __vector_25
                0x0000000000000128                __vector_11
                0x0000000000000128                __vector_13
                0x0000000000000128                __vector_17
                0x0000000000000128                __vector_19
                0x0000000000000128                __vector_7
                0x0000000000000128                __vector_27
                0x0000000000000128                __vector_5
                0x0000000000000128                __vector_4
                0x0000000000000128                __vector_9
                0x0000000000000128                __vector_2
                0x0000000000000128                __vector_21
                0x0000000000000128                __vector_15
                0x0000000000000128                __vector_29
                0x0000000000000128                __vector_8
                0x0000000000000128                __vector_26
                0x0000000000000128                __vector_14
                0x0000000000000128                __vector_10
                0x0000000000000128                __vector_16
                0x0000000000000128                __vector_18
                0x0000000000000128                __vector_20
 .text          0x000000000000012c        0x0 interpreteurByteCode.o
 .text          0x000000000000012c       0x92 ../lib/libtest.a(rs232.o)
                0x000000000000012c                _Z18initialisationUartv
                0x0000000000000148                _Z16transmissionUarth
                0x0000000000000164                _Z22transmissionUartStringPch
                0x000000000000018c                _Z11lectureUartPhh
                0x00000000000001b0                _Z13receptionUartv
 .text          0x00000000000001be      0x35e ../lib/libtest.a(memoire_24.o)
                0x00000000000001be                _ZN13Memoire24CXXXD2Ev
                0x00000000000001be                _ZN13Memoire24CXXXD1Ev
                0x00000000000001c0                _ZN13Memoire24CXXX4initEv
                0x00000000000001d2                _ZN13Memoire24CXXXC2Ev
                0x00000000000001d2                _ZN13Memoire24CXXXC1Ev
                0x00000000000001de                _ZN13Memoire24CXXX12choisir_bancEh
                0x00000000000001f4                _ZN13Memoire24CXXX7lectureEjPh
                0x00000000000002b6                _ZN13Memoire24CXXX7lectureEjPhh
                0x0000000000000380                _ZN13Memoire24CXXX8ecritureEjh
                0x0000000000000410                _ZN13Memoire24CXXX11ecrire_pageEjPhh
                0x00000000000004d2                _ZN13Memoire24CXXX8ecritureEjPhh
 .text          0x000000000000051c      0x152 ../lib/libtest.a(sonnerie.o)
                0x000000000000051c                _ZN8SonnerieD1Ev
                0x000000000000051c                _ZN8SonnerieD2Ev
                0x000000000000052e                _ZN8Sonnerie23initialisationTimer1CtcEv
                0x0000000000000548                _ZN8SonnerieC2Ev
                0x0000000000000548                _ZN8SonnerieC1Ev
                0x0000000000000556                _ZN8Sonnerie13jouerSonnerieEh
                0x0000000000000664                _ZN8Sonnerie15arreterSonnerieEv
 .text          0x000000000000066e      0x26a ../lib/libtest.a(Instructionrobot.o)
                0x000000000000066e                _ZN16InstructionRobot5debutEv
                0x00000000000006d4                _ZN16InstructionRobot8attendreEh
                0x00000000000006f2                _ZN16InstructionRobot13jouerSonoriteEi
                0x000000000000072c                _ZN16InstructionRobot15arreterSonoriteEv
                0x000000000000075e                _ZN16InstructionRobot13puissanceDeuxEh
                0x000000000000077a                _ZN16InstructionRobot8gererDelEhb
                0x00000000000007c2                _ZN16InstructionRobot13arreterMoteurEv
                0x00000000000007ec                _ZN16InstructionRobot3finEv
                0x0000000000000810                _ZN16InstructionRobot7avancerEh
                0x0000000000000846                _ZN16InstructionRobot7reculerEh
                0x000000000000087c                _ZN16InstructionRobot13tournerDroiteEv
                0x00000000000008aa                _ZN16InstructionRobot13tournerGaucheEv
 .text          0x00000000000008d8       0xba ../lib/libtest.a(moteur.o)
                0x00000000000008d8                _ZN6Moteur23initialisationTimer0PwmEv
                0x00000000000008ee                _ZN6MoteurC1Ev
                0x00000000000008ee                _ZN6MoteurC2Ev
                0x00000000000008f2                _ZN6MoteurD2Ev
                0x00000000000008f2                _ZN6MoteurD1Ev
                0x0000000000000902                _ZN6Moteur19tournerGaucheMoteurEi
                0x000000000000091e                _ZN6Moteur19tournerDroiteMoteurEi
                0x000000000000093a                _ZN6Moteur13arreterMoteurEv
                0x0000000000000940                _ZN6Moteur19reglerVitesseMoteurEii
                0x0000000000000976                _ZN6Moteur13avancerMoteurEii
                0x0000000000000984                _ZN6Moteur13reculerMoteurEii
 .text          0x0000000000000992        0x0 /usr/lib/gcc/avr/10.2.0/avr5/libgcc.a(_divmodhi4.o)
 .text          0x0000000000000992        0x0 /usr/lib/gcc/avr/10.2.0/avr5/libgcc.a(_exit.o)
 .text          0x0000000000000992        0x0 /usr/lib/gcc/avr/10.2.0/avr5/libgcc.a(_copy_data.o)
 .text          0x0000000000000992        0x0 /usr/lib/gcc/avr/10.2.0/avr5/libgcc.a(_udivmodhi4.o)
 .text          0x0000000000000992        0x0 /usr/lib/gcc/avr/10.2.0/../../../../avr/lib/avr5/libm.a(addsf3.o)
 .text          0x0000000000000992        0x0 /usr/lib/gcc/avr/10.2.0/../../../../avr/lib/avr5/libm.a(addsf3x.o)
 .text          0x0000000000000992        0x0 /usr/lib/gcc/avr/10.2.0/../../../../avr/lib/avr5/libm.a(divsf3.o)
 .text          0x0000000000000992        0x0 /usr/lib/gcc/avr/10.2.0/../../../../avr/lib/avr5/libm.a(divsf3x.o)
 .text          0x0000000000000992        0x0 /usr/lib/gcc/avr/10.2.0/../../../../avr/lib/avr5/libm.a(fixunssfsi.o)
 .text          0x0000000000000992        0x0 /usr/lib/gcc/avr/10.2.0/../../../../avr/lib/avr5/libm.a(floatsisf.o)
 .text          0x0000000000000992        0x0 /usr/lib/gcc/avr/10.2.0/../../../../avr/lib/avr5/libm.a(fp_inf.o)
 .text          0x0000000000000992        0x0 /usr/lib/gcc/avr/10.2.0/../../../../avr/lib/avr5/libm.a(fp_nan.o)
 .text          0x0000000000000992        0x0 /usr/lib/gcc/avr/10.2.0/../../../../avr/lib/avr5/libm.a(fp_pscA.o)
 .text          0x0000000000000992        0x0 /usr/lib/gcc/avr/10.2.0/../../../../avr/lib/avr5/libm.a(fp_pscB.o)
 .text          0x0000000000000992        0x0 /usr/lib/gcc/avr/10.2.0/../../../../avr/lib/avr5/libm.a(fp_round.o)
 .text          0x0000000000000992        0x0 /usr/lib/gcc/avr/10.2.0/../../../../avr/lib/avr5/libm.a(fp_split3.o)
 .text          0x0000000000000992        0x0 /usr/lib/gcc/avr/10.2.0/../../../../avr/lib/avr5/libm.a(fp_zero.o)
 .text          0x0000000000000992        0x0 /usr/lib/gcc/avr/10.2.0/../../../../avr/lib/avr5/libm.a(mulsf3.o)
 .text          0x0000000000000992        0x0 /usr/lib/gcc/avr/10.2.0/../../../../avr/lib/avr5/libm.a(mulsf3x.o)
 .text          0x0000000000000992        0x0 /usr/lib/gcc/avr/10.2.0/../../../../avr/lib/avr5/libm.a(pow.o)
 .text          0x0000000000000992        0x0 /usr/lib/gcc/avr/10.2.0/../../../../avr/lib/avr5/libm.a(exp.o)
 .text          0x0000000000000992        0x0 /usr/lib/gcc/avr/10.2.0/../../../../avr/lib/avr5/libm.a(fp_powser.o)
 .text          0x0000000000000992        0x0 /usr/lib/gcc/avr/10.2.0/../../../../avr/lib/avr5/libm.a(inverse.o)
 .text          0x0000000000000992        0x0 /usr/lib/gcc/avr/10.2.0/../../../../avr/lib/avr5/libm.a(ldexp.o)
 .text          0x0000000000000992        0x0 /usr/lib/gcc/avr/10.2.0/../../../../avr/lib/avr5/libm.a(log.o)
 .text          0x0000000000000992        0x0 /usr/lib/gcc/avr/10.2.0/../../../../avr/lib/avr5/libm.a(modf.o)
 .text          0x0000000000000992        0x0 /usr/lib/gcc/avr/10.2.0/../../../../avr/lib/avr5/libm.a(fp_mpack.o)
 .text          0x0000000000000992        0x0 /usr/lib/gcc/avr/10.2.0/../../../../avr/lib/avr5/libatmega324pa.a(eerd_byte.o)
                0x0000000000000992                . = ALIGN (0x2)
 *(.text.*)
 .text.startup  0x0000000000000992      0x144 interpreteurByteCode.o
                0x0000000000000992                main
 .text.libgcc.mul
                0x0000000000000ad6        0x0 /usr/lib/gcc/avr/10.2.0/avr5/libgcc.a(_divmodhi4.o)
 .text.libgcc.div
                0x0000000000000ad6       0x28 /usr/lib/gcc/avr/10.2.0/avr5/libgcc.a(_divmodhi4.o)
                0x0000000000000ad6                __divmodhi4
                0x0000000000000ad6                _div
 .text.libgcc   0x0000000000000afe        0x0 /usr/lib/gcc/avr/10.2.0/avr5/libgcc.a(_divmodhi4.o)
 .text.libgcc.prologue
                0x0000000000000afe        0x0 /usr/lib/gcc/avr/10.2.0/avr5/libgcc.a(_divmodhi4.o)
 .text.libgcc.builtins
                0x0000000000000afe        0x0 /usr/lib/gcc/avr/10.2.0/avr5/libgcc.a(_divmodhi4.o)
 .text.libgcc.fmul
                0x0000000000000afe        0x0 /usr/lib/gcc/avr/10.2.0/avr5/libgcc.a(_divmodhi4.o)
 .text.libgcc.fixed
                0x0000000000000afe        0x0 /usr/lib/gcc/avr/10.2.0/avr5/libgcc.a(_divmodhi4.o)
 .text.libgcc.mul
                0x0000000000000afe        0x0 /usr/lib/gcc/avr/10.2.0/avr5/libgcc.a(_exit.o)
 .text.libgcc.div
                0x0000000000000afe        0x0 /usr/lib/gcc/avr/10.2.0/avr5/libgcc.a(_exit.o)
 .text.libgcc   0x0000000000000afe        0x0 /usr/lib/gcc/avr/10.2.0/avr5/libgcc.a(_exit.o)
 .text.libgcc.prologue
                0x0000000000000afe        0x0 /usr/lib/gcc/avr/10.2.0/avr5/libgcc.a(_exit.o)
 .text.libgcc.builtins
                0x0000000000000afe        0x0 /usr/lib/gcc/avr/10.2.0/avr5/libgcc.a(_exit.o)
 .text.libgcc.fmul
                0x0000000000000afe        0x0 /usr/lib/gcc/avr/10.2.0/avr5/libgcc.a(_exit.o)
 .text.libgcc.fixed
                0x0000000000000afe        0x0 /usr/lib/gcc/avr/10.2.0/avr5/libgcc.a(_exit.o)
 .text.libgcc.mul
                0x0000000000000afe        0x0 /usr/lib/gcc/avr/10.2.0/avr5/libgcc.a(_copy_data.o)
 .text.libgcc.div
                0x0000000000000afe        0x0 /usr/lib/gcc/avr/10.2.0/avr5/libgcc.a(_copy_data.o)
 .text.libgcc   0x0000000000000afe        0x0 /usr/lib/gcc/avr/10.2.0/avr5/libgcc.a(_copy_data.o)
 .text.libgcc.prologue
                0x0000000000000afe        0x0 /usr/lib/gcc/avr/10.2.0/avr5/libgcc.a(_copy_data.o)
 .text.libgcc.builtins
                0x0000000000000afe        0x0 /usr/lib/gcc/avr/10.2.0/avr5/libgcc.a(_copy_data.o)
 .text.libgcc.fmul
                0x0000000000000afe        0x0 /usr/lib/gcc/avr/10.2.0/avr5/libgcc.a(_copy_data.o)
 .text.libgcc.fixed
                0x0000000000000afe        0x0 /usr/lib/gcc/avr/10.2.0/avr5/libgcc.a(_copy_data.o)
 .text.libgcc.mul
                0x0000000000000afe        0x0 /usr/lib/gcc/avr/10.2.0/avr5/libgcc.a(_udivmodhi4.o)
 .text.libgcc.div
                0x0000000000000afe       0x28 /usr/lib/gcc/avr/10.2.0/avr5/libgcc.a(_udivmodhi4.o)
                0x0000000000000afe                __udivmodhi4
 .text.libgcc   0x0000000000000b26        0x0 /usr/lib/gcc/avr/10.2.0/avr5/libgcc.a(_udivmodhi4.o)
 .text.libgcc.prologue
                0x0000000000000b26        0x0 /usr/lib/gcc/avr/10.2.0/avr5/libgcc.a(_udivmodhi4.o)
 .text.libgcc.builtins
                0x0000000000000b26        0x0 /usr/lib/gcc/avr/10.2.0/avr5/libgcc.a(_udivmodhi4.o)
 .text.libgcc.fmul
                0x0000000000000b26        0x0 /usr/lib/gcc/avr/10.2.0/avr5/libgcc.a(_udivmodhi4.o)
 .text.libgcc.fixed
                0x0000000000000b26        0x0 /usr/lib/gcc/avr/10.2.0/avr5/libgcc.a(_udivmodhi4.o)
 .text.avr-libc.fplib
                0x0000000000000b26        0xe /usr/lib/gcc/avr/10.2.0/../../../../avr/lib/avr5/libm.a(addsf3.o)
                0x0000000000000b26                __subsf3
                0x0000000000000b28                __addsf3
 .text.avr-libc.fplib
                0x0000000000000b34       0xcc /usr/lib/gcc/avr/10.2.0/../../../../avr/lib/avr5/libm.a(addsf3x.o)
                0x0000000000000b56                __addsf3x
 .text.avr-libc.fplib
                0x0000000000000c00        0x8 /usr/lib/gcc/avr/10.2.0/../../../../avr/lib/avr5/libm.a(divsf3.o)
                0x0000000000000c00                __divsf3
 .text.avr-libc.fplib
                0x0000000000000c08       0xdc /usr/lib/gcc/avr/10.2.0/../../../../avr/lib/avr5/libm.a(divsf3x.o)
                0x0000000000000c28                __divsf3x
                0x0000000000000c2e                __divsf3_pse
 .text.avr-libc.fplib
                0x0000000000000ce4       0x5e /usr/lib/gcc/avr/10.2.0/../../../../avr/lib/avr5/libm.a(fixunssfsi.o)
                0x0000000000000ce4                __fixunssfsi
 .text.avr-libc.fplib
                0x0000000000000d42       0x7a /usr/lib/gcc/avr/10.2.0/../../../../avr/lib/avr5/libm.a(floatsisf.o)
                0x0000000000000d42                __floatunsisf
                0x0000000000000d46                __floatsisf
 .text.avr-libc.fplib
                0x0000000000000dbc        0xc /usr/lib/gcc/avr/10.2.0/../../../../avr/lib/avr5/libm.a(fp_inf.o)
                0x0000000000000dbc                __fp_inf
 .text.avr-libc.fplib
                0x0000000000000dc8        0x6 /usr/lib/gcc/avr/10.2.0/../../../../avr/lib/avr5/libm.a(fp_nan.o)
                0x0000000000000dc8                __fp_nan
 .text.avr-libc.fplib
                0x0000000000000dce        0xe /usr/lib/gcc/avr/10.2.0/../../../../avr/lib/avr5/libm.a(fp_pscA.o)
                0x0000000000000dce                __fp_pscA
 .text.avr-libc.fplib
                0x0000000000000ddc        0xe /usr/lib/gcc/avr/10.2.0/../../../../avr/lib/avr5/libm.a(fp_pscB.o)
                0x0000000000000ddc                __fp_pscB
 .text.avr-libc.fplib
                0x0000000000000dea       0x22 /usr/lib/gcc/avr/10.2.0/../../../../avr/lib/avr5/libm.a(fp_round.o)
                0x0000000000000dea                __fp_round
 .text.avr-libc.fplib
                0x0000000000000e0c       0x44 /usr/lib/gcc/avr/10.2.0/../../../../avr/lib/avr5/libm.a(fp_split3.o)
                0x0000000000000e0c                __fp_split3
                0x0000000000000e1c                __fp_splitA
 .text.avr-libc.fplib
                0x0000000000000e50        0xe /usr/lib/gcc/avr/10.2.0/../../../../avr/lib/avr5/libm.a(fp_zero.o)
                0x0000000000000e50                __fp_zero
                0x0000000000000e52                __fp_szero
 .text.avr-libc.fplib
                0x0000000000000e5e        0x8 /usr/lib/gcc/avr/10.2.0/../../../../avr/lib/avr5/libm.a(mulsf3.o)
                0x0000000000000e5e                __mulsf3
 .text.avr-libc.fplib
                0x0000000000000e66       0xd2 /usr/lib/gcc/avr/10.2.0/../../../../avr/lib/avr5/libm.a(mulsf3x.o)
                0x0000000000000e84                __mulsf3x
                0x0000000000000e8a                __mulsf3_pse
 .text.avr-libc.fplib
                0x0000000000000f38       0xa0 /usr/lib/gcc/avr/10.2.0/../../../../avr/lib/avr5/libm.a(pow.o)
                0x0000000000000f38                pow
 .text.avr-libc.fplib
                0x0000000000000fd8       0x74 /usr/lib/gcc/avr/10.2.0/../../../../avr/lib/avr5/libm.a(exp.o)
                0x0000000000000fe8                exp
 .text.avr-libc.fplib
                0x000000000000104c       0x4e /usr/lib/gcc/avr/10.2.0/../../../../avr/lib/avr5/libm.a(fp_powser.o)
                0x000000000000104c                __fp_powser
 .text.avr-libc.fplib
                0x000000000000109a       0x10 /usr/lib/gcc/avr/10.2.0/../../../../avr/lib/avr5/libm.a(inverse.o)
                0x000000000000109a                inverse
 .text.avr-libc.fplib
                0x00000000000010aa       0x74 /usr/lib/gcc/avr/10.2.0/../../../../avr/lib/avr5/libm.a(ldexp.o)
                0x00000000000010b2                ldexp
 .text.avr-libc.fplib
                0x000000000000111e       0xa0 /usr/lib/gcc/avr/10.2.0/../../../../avr/lib/avr5/libm.a(log.o)
                0x000000000000112e                log
 .text.avr-libc.fplib
                0x00000000000011be       0x68 /usr/lib/gcc/avr/10.2.0/../../../../avr/lib/avr5/libm.a(modf.o)
                0x00000000000011be                modff
                0x00000000000011be                modf
 .text.avr-libc.fplib
                0x0000000000001226       0x1c /usr/lib/gcc/avr/10.2.0/../../../../avr/lib/avr5/libm.a(fp_mpack.o)
                0x0000000000001226                __fp_mpack
                0x000000000000122a                __fp_mpack_finite
 .text.avr-libc
                0x0000000000001242       0x10 /usr/lib/gcc/avr/10.2.0/../../../../avr/lib/avr5/libatmega324pa.a(eerd_byte.o)
                0x0000000000001242                eeprom_read_byte
                0x0000000000001252                . = ALIGN (0x2)
 *(.fini9)
 .fini9         0x0000000000001252        0x0 /usr/lib/gcc/avr/10.2.0/avr5/libgcc.a(_exit.o)
                0x0000000000001252                exit
                0x0000000000001252                _exit
 *(.fini9)
 *(.fini8)
 *(.fini8)
 *(.fini7)
 *(.fini7)
 *(.fini6)
 *(.fini6)
 *(.fini5)
 *(.fini5)
 *(.fini4)
 *(.fini4)
 *(.fini3)
 *(.fini3)
 *(.fini2)
 *(.fini2)
 *(.fini1)
 *(.fini1)
 *(.fini0)
 .fini0         0x0000000000001252        0x4 /usr/lib/gcc/avr/10.2.0/avr5/libgcc.a(_exit.o)
 *(.fini0)
 *(.hightext)
 *(.hightext*)
 *(.progmemx.*)
                0x0000000000001256                . = ALIGN (0x2)
 *(.jumptables)
 *(.jumptables*)
                0x0000000000001256                _etext = .

.data           0x0000000000800100        0x2 load address 0x0000000000001256
                0x0000000000800100                PROVIDE (__data_start = .)
 *(.data)
 .data          0x0000000000800100        0x0 /usr/lib/gcc/avr/10.2.0/../../../../avr/lib/avr5/crtatmega324pa.o
 .data          0x0000000000800100        0x0 interpreteurByteCode.o
 .data          0x0000000000800100        0x0 ../lib/libtest.a(rs232.o)
 .data          0x0000000000800100        0x1 ../lib/libtest.a(memoire_24.o)
                0x0000000000800100                _ZN13Memoire24CXXX22m_adresse_peripheriqueE
 .data          0x0000000000800101        0x0 ../lib/libtest.a(sonnerie.o)
 .data          0x0000000000800101        0x0 ../lib/libtest.a(Instructionrobot.o)
 .data          0x0000000000800101        0x0 ../lib/libtest.a(moteur.o)
 .data          0x0000000000800101        0x0 /usr/lib/gcc/avr/10.2.0/avr5/libgcc.a(_divmodhi4.o)
 .data          0x0000000000800101        0x0 /usr/lib/gcc/avr/10.2.0/avr5/libgcc.a(_exit.o)
 .data          0x0000000000800101        0x0 /usr/lib/gcc/avr/10.2.0/avr5/libgcc.a(_copy_data.o)
 .data          0x0000000000800101        0x0 /usr/lib/gcc/avr/10.2.0/avr5/libgcc.a(_udivmodhi4.o)
 .data          0x0000000000800101        0x0 /usr/lib/gcc/avr/10.2.0/../../../../avr/lib/avr5/libm.a(addsf3.o)
 .data          0x0000000000800101        0x0 /usr/lib/gcc/avr/10.2.0/../../../../avr/lib/avr5/libm.a(addsf3x.o)
 .data          0x0000000000800101        0x0 /usr/lib/gcc/avr/10.2.0/../../../../avr/lib/avr5/libm.a(divsf3.o)
 .data          0x0000000000800101        0x0 /usr/lib/gcc/avr/10.2.0/../../../../avr/lib/avr5/libm.a(divsf3x.o)
 .data          0x0000000000800101        0x0 /usr/lib/gcc/avr/10.2.0/../../../../avr/lib/avr5/libm.a(fixunssfsi.o)
 .data          0x0000000000800101        0x0 /usr/lib/gcc/avr/10.2.0/../../../../avr/lib/avr5/libm.a(floatsisf.o)
 .data          0x0000000000800101        0x0 /usr/lib/gcc/avr/10.2.0/../../../../avr/lib/avr5/libm.a(fp_inf.o)
 .data          0x0000000000800101        0x0 /usr/lib/gcc/avr/10.2.0/../../../../avr/lib/avr5/libm.a(fp_nan.o)
 .data          0x0000000000800101        0x0 /usr/lib/gcc/avr/10.2.0/../../../../avr/lib/avr5/libm.a(fp_pscA.o)
 .data          0x0000000000800101        0x0 /usr/lib/gcc/avr/10.2.0/../../../../avr/lib/avr5/libm.a(fp_pscB.o)
 .data          0x0000000000800101        0x0 /usr/lib/gcc/avr/10.2.0/../../../../avr/lib/avr5/libm.a(fp_round.o)
 .data          0x0000000000800101        0x0 /usr/lib/gcc/avr/10.2.0/../../../../avr/lib/avr5/libm.a(fp_split3.o)
 .data          0x0000000000800101        0x0 /usr/lib/gcc/avr/10.2.0/../../../../avr/lib/avr5/libm.a(fp_zero.o)
 .data          0x0000000000800101        0x0 /usr/lib/gcc/avr/10.2.0/../../../../avr/lib/avr5/libm.a(mulsf3.o)
 .data          0x0000000000800101        0x0 /usr/lib/gcc/avr/10.2.0/../../../../avr/lib/avr5/libm.a(mulsf3x.o)
 .data          0x0000000000800101        0x0 /usr/lib/gcc/avr/10.2.0/../../../../avr/lib/avr5/libm.a(pow.o)
 .data          0x0000000000800101        0x0 /usr/lib/gcc/avr/10.2.0/../../../../avr/lib/avr5/libm.a(exp.o)
 .data          0x0000000000800101        0x0 /usr/lib/gcc/avr/10.2.0/../../../../avr/lib/avr5/libm.a(fp_powser.o)
 .data          0x0000000000800101        0x0 /usr/lib/gcc/avr/10.2.0/../../../../avr/lib/avr5/libm.a(inverse.o)
 .data          0x0000000000800101        0x0 /usr/lib/gcc/avr/10.2.0/../../../../avr/lib/avr5/libm.a(ldexp.o)
 .data          0x0000000000800101        0x0 /usr/lib/gcc/avr/10.2.0/../../../../avr/lib/avr5/libm.a(log.o)
 .data          0x0000000000800101        0x0 /usr/lib/gcc/avr/10.2.0/../../../../avr/lib/avr5/libm.a(modf.o)
 .data          0x0000000000800101        0x0 /usr/lib/gcc/avr/10.2.0/../../../../avr/lib/avr5/libm.a(fp_mpack.o)
 .data          0x0000000000800101        0x0 /usr/lib/gcc/avr/10.2.0/../../../../avr/lib/avr5/libatmega324pa.a(eerd_byte.o)
 *(.data*)
 *(.gnu.linkonce.d*)
 *(.rodata)
 *(.rodata*)
 *(.gnu.linkonce.r*)
                0x0000000000800102                . = ALIGN (0x2)
 *fill*         0x0000000000800101        0x1 
                0x0000000000800102                _edata = .
                0x0000000000800102                PROVIDE (__data_end = .)

.bss            0x0000000000800102        0x0
                [!provide]                        PROVIDE (__bss_start = .)
 *(.bss)
 .bss           0x0000000000800102        0x0 /usr/lib/gcc/avr/10.2.0/../../../../avr/lib/avr5/crtatmega324pa.o
 .bss           0x0000000000800102        0x0 interpreteurByteCode.o
 .bss           0x0000000000800102        0x0 ../lib/libtest.a(rs232.o)
 .bss           0x0000000000800102        0x0 ../lib/libtest.a(memoire_24.o)
 .bss           0x0000000000800102        0x0 ../lib/libtest.a(sonnerie.o)
 .bss           0x0000000000800102        0x0 ../lib/libtest.a(Instructionrobot.o)
 .bss           0x0000000000800102        0x0 ../lib/libtest.a(moteur.o)
 .bss           0x0000000000800102        0x0 /usr/lib/gcc/avr/10.2.0/avr5/libgcc.a(_divmodhi4.o)
 .bss           0x0000000000800102        0x0 /usr/lib/gcc/avr/10.2.0/avr5/libgcc.a(_exit.o)
 .bss           0x0000000000800102        0x0 /usr/lib/gcc/avr/10.2.0/avr5/libgcc.a(_copy_data.o)
 .bss           0x0000000000800102        0x0 /usr/lib/gcc/avr/10.2.0/avr5/libgcc.a(_udivmodhi4.o)
 .bss           0x0000000000800102        0x0 /usr/lib/gcc/avr/10.2.0/../../../../avr/lib/avr5/libm.a(addsf3.o)
 .bss           0x0000000000800102        0x0 /usr/lib/gcc/avr/10.2.0/../../../../avr/lib/avr5/libm.a(addsf3x.o)
 .bss           0x0000000000800102        0x0 /usr/lib/gcc/avr/10.2.0/../../../../avr/lib/avr5/libm.a(divsf3.o)
 .bss           0x0000000000800102        0x0 /usr/lib/gcc/avr/10.2.0/../../../../avr/lib/avr5/libm.a(divsf3x.o)
 .bss           0x0000000000800102        0x0 /usr/lib/gcc/avr/10.2.0/../../../../avr/lib/avr5/libm.a(fixunssfsi.o)
 .bss           0x0000000000800102        0x0 /usr/lib/gcc/avr/10.2.0/../../../../avr/lib/avr5/libm.a(floatsisf.o)
 .bss           0x0000000000800102        0x0 /usr/lib/gcc/avr/10.2.0/../../../../avr/lib/avr5/libm.a(fp_inf.o)
 .bss           0x0000000000800102        0x0 /usr/lib/gcc/avr/10.2.0/../../../../avr/lib/avr5/libm.a(fp_nan.o)
 .bss           0x0000000000800102        0x0 /usr/lib/gcc/avr/10.2.0/../../../../avr/lib/avr5/libm.a(fp_pscA.o)
 .bss           0x0000000000800102        0x0 /usr/lib/gcc/avr/10.2.0/../../../../avr/lib/avr5/libm.a(fp_pscB.o)
 .bss           0x0000000000800102        0x0 /usr/lib/gcc/avr/10.2.0/../../../../avr/lib/avr5/libm.a(fp_round.o)
 .bss           0x0000000000800102        0x0 /usr/lib/gcc/avr/10.2.0/../../../../avr/lib/avr5/libm.a(fp_split3.o)
 .bss           0x0000000000800102        0x0 /usr/lib/gcc/avr/10.2.0/../../../../avr/lib/avr5/libm.a(fp_zero.o)
 .bss           0x0000000000800102        0x0 /usr/lib/gcc/avr/10.2.0/../../../../avr/lib/avr5/libm.a(mulsf3.o)
 .bss           0x0000000000800102        0x0 /usr/lib/gcc/avr/10.2.0/../../../../avr/lib/avr5/libm.a(mulsf3x.o)
 .bss           0x0000000000800102        0x0 /usr/lib/gcc/avr/10.2.0/../../../../avr/lib/avr5/libm.a(pow.o)
 .bss           0x0000000000800102        0x0 /usr/lib/gcc/avr/10.2.0/../../../../avr/lib/avr5/libm.a(exp.o)
 .bss           0x0000000000800102        0x0 /usr/lib/gcc/avr/10.2.0/../../../../avr/lib/avr5/libm.a(fp_powser.o)
 .bss           0x0000000000800102        0x0 /usr/lib/gcc/avr/10.2.0/../../../../avr/lib/avr5/libm.a(inverse.o)
 .bss           0x0000000000800102        0x0 /usr/lib/gcc/avr/10.2.0/../../../../avr/lib/avr5/libm.a(ldexp.o)
 .bss           0x0000000000800102        0x0 /usr/lib/gcc/avr/10.2.0/../../../../avr/lib/avr5/libm.a(log.o)
 .bss           0x0000000000800102        0x0 /usr/lib/gcc/avr/10.2.0/../../../../avr/lib/avr5/libm.a(modf.o)
 .bss           0x0000000000800102        0x0 /usr/lib/gcc/avr/10.2.0/../../../../avr/lib/avr5/libm.a(fp_mpack.o)
 .bss           0x0000000000800102        0x0 /usr/lib/gcc/avr/10.2.0/../../../../avr/lib/avr5/libatmega324pa.a(eerd_byte.o)
 *(.bss*)
 *(COMMON)
                [!provide]                        PROVIDE (__bss_end = .)
                0x0000000000001256                __data_load_start = LOADADDR (.data)
                0x0000000000001258                __data_load_end = (__data_load_start + SIZEOF (.data))

.noinit         0x0000000000800102        0x0
                [!provide]                        PROVIDE (__noinit_start = .)
 *(.noinit*)
                [!provide]                        PROVIDE (__noinit_end = .)
                0x0000000000800102                _end = .
                [!provide]                        PROVIDE (__heap_start = .)

.eeprom         0x0000000000810000        0x0
 *(.eeprom*)
                0x0000000000810000                __eeprom_end = .

.fuse
 *(.fuse)
 *(.lfuse)
 *(.hfuse)
 *(.efuse)

.lock
 *(.lock*)

.signature
 *(.signature*)

.stab           0x0000000000000000     0x264c
 *(.stab)
 .stab          0x0000000000000000      0x3d8 interpreteurByteCode.o
 .stab          0x00000000000003d8      0x2c4 ../lib/libtest.a(rs232.o)
                                        0x2d0 (size before relaxing)
 .stab          0x000000000000069c      0xc30 ../lib/libtest.a(memoire_24.o)
                                        0xc3c (size before relaxing)
 .stab          0x00000000000012cc      0x2c4 ../lib/libtest.a(sonnerie.o)
                                        0x2d0 (size before relaxing)
 .stab          0x0000000000001590      0x8b8 ../lib/libtest.a(Instructionrobot.o)
                                        0x8c4 (size before relaxing)
 .stab          0x0000000000001e48      0x42c ../lib/libtest.a(moteur.o)
                                        0x438 (size before relaxing)
 .stab          0x0000000000002274      0x138 /usr/lib/gcc/avr/10.2.0/avr5/libgcc.a(_divmodhi4.o)
                                        0x144 (size before relaxing)
 .stab          0x00000000000023ac       0x6c /usr/lib/gcc/avr/10.2.0/avr5/libgcc.a(_exit.o)
                                         0x78 (size before relaxing)
 .stab          0x0000000000002418       0xd8 /usr/lib/gcc/avr/10.2.0/avr5/libgcc.a(_copy_data.o)
                                         0xe4 (size before relaxing)
 .stab          0x00000000000024f0      0x15c /usr/lib/gcc/avr/10.2.0/avr5/libgcc.a(_udivmodhi4.o)
                                        0x168 (size before relaxing)

.stabstr        0x0000000000000000     0x31a7
 *(.stabstr)
 .stabstr       0x0000000000000000     0x31a7 interpreteurByteCode.o

.stab.excl
 *(.stab.excl)

.stab.exclstr
 *(.stab.exclstr)

.stab.index
 *(.stab.index)

.stab.indexstr
 *(.stab.indexstr)

.comment        0x0000000000000000       0x23
 *(.comment)
 .comment       0x0000000000000000       0x23 interpreteurByteCode.o
                                         0x24 (size before relaxing)
 .comment       0x0000000000000023       0x24 ../lib/libtest.a(rs232.o)
 .comment       0x0000000000000023       0x24 ../lib/libtest.a(memoire_24.o)
 .comment       0x0000000000000023       0x24 ../lib/libtest.a(sonnerie.o)
 .comment       0x0000000000000023       0x24 ../lib/libtest.a(Instructionrobot.o)
 .comment       0x0000000000000023       0x24 ../lib/libtest.a(moteur.o)

.note.gnu.avr.deviceinfo
                0x0000000000000000       0x40
 .note.gnu.avr.deviceinfo
                0x0000000000000000       0x40 /usr/lib/gcc/avr/10.2.0/../../../../avr/lib/avr5/crtatmega324pa.o

.note.gnu.build-id
 *(.note.gnu.build-id)

.debug
 *(.debug)

.line
 *(.line)

.debug_srcinfo
 *(.debug_srcinfo)

.debug_sfnames
 *(.debug_sfnames)

.debug_aranges
 *(.debug_aranges)

.debug_pubnames
 *(.debug_pubnames)

.debug_info     0x0000000000000000      0x6cc
 *(.debug_info .gnu.linkonce.wi.*)
 .debug_info    0x0000000000000000      0x6cc /usr/lib/gcc/avr/10.2.0/../../../../avr/lib/avr5/crtatmega324pa.o

.debug_abbrev   0x0000000000000000      0x66e
 *(.debug_abbrev)
 .debug_abbrev  0x0000000000000000      0x66e /usr/lib/gcc/avr/10.2.0/../../../../avr/lib/avr5/crtatmega324pa.o

.debug_line     0x0000000000000000       0x1d
 *(.debug_line .debug_line.* .debug_line_end)
 .debug_line    0x0000000000000000       0x1d /usr/lib/gcc/avr/10.2.0/../../../../avr/lib/avr5/crtatmega324pa.o

.debug_frame
 *(.debug_frame)

.debug_str      0x0000000000000000      0x255
 *(.debug_str)
 .debug_str     0x0000000000000000      0x255 /usr/lib/gcc/avr/10.2.0/../../../../avr/lib/avr5/crtatmega324pa.o

.debug_loc
 *(.debug_loc)

.debug_macinfo
 *(.debug_macinfo)

.debug_weaknames
 *(.debug_weaknames)

.debug_funcnames
 *(.debug_funcnames)

.debug_typenames
 *(.debug_typenames)

.debug_varnames
 *(.debug_varnames)

.debug_pubtypes
 *(.debug_pubtypes)

.debug_ranges
 *(.debug_ranges)

.debug_macro
 *(.debug_macro)

.debug_addr
 *(.debug_addr)
OUTPUT(test.elf elf32-avr)
LOAD linker stubs
